Synthesis report for project obstacle_whicle
Generated at: Jan 05, 2022 17:11:24
Copyright (C) 2013 - 2021 Efinix Inc. All rights reserved.

### ### ### ### ### ### ### ### ### ### ### ### ### ### ###

Top-level Entity Name : robot
### ### File List (begin) ### ### ###
C:/Users\user\Desktop\final project\robot.v
C:/Users\user\Desktop\final project\pwm.v
C:/Users\user\Desktop\final project\clkdiv.v
C:/Users\user\Desktop\final project\three_us.v
C:/Users\user\Desktop\final project\ultrasonic.v
C:/Users\user\Desktop\final project\counter.v
C:/Users\user\Desktop\final project\trig_gen.v
### ### File List (end) ### ### ###

### ### Pre-optimizations and mapping (begin) ### ### ###

Mapping success.
### ### Mapping (end) ### ### ###

### ### Post-optimizations and re-synthesis (begin) ### ### ###

Post-optimizations and re-synthesis success.
### ### Post-optimizations and re-synthesis (end) ### ### ###

### ### EFX_FF CE enables (begin) ### ### ###
Total number of enable signals: 0
### ### EFX FF CE enables (end) ### ### ###

### ### Sequential Elements Trimming Report (begin) ### ### ### 
FF Output: three_ultrasonic/ultrasonic_left/triggen/outputCounter[7](=1)
FF Output: three_ultrasonic/ultrasonic_left/triggen/outputCounter[6](=1)
FF Output: three_ultrasonic/ultrasonic_left/triggen/outputCounter[5](=1)
FF Output: three_ultrasonic/ultrasonic_left/triggen/outputCounter[4](=1)
FF Output: three_ultrasonic/ultrasonic_left/triggen/outputCounter[3](=1)
FF Output: three_ultrasonic/ultrasonic_left/triggen/outputCounter[2](=1)
FF Output: three_ultrasonic/ultrasonic_left/triggen/outputCounter[1](=1)
FF Output: three_ultrasonic/ultrasonic_left/triggen/outputCounter[0](=1)
FF Output: three_ultrasonic/ultrasonic_left/triggen/outputCounter[8](=1)
FF Output: three_ultrasonic/ultrasonic_left/triggen/outputCounter[9](=1)
FF Output: three_ultrasonic/ultrasonic_left/triggen/outputCounter[10](=1)
FF Output: three_ultrasonic/ultrasonic_left/triggen/outputCounter[11](=1)
FF Output: three_ultrasonic/ultrasonic_left/triggen/outputCounter[12](=1)
FF Output: three_ultrasonic/ultrasonic_left/triggen/outputCounter[13](=1)
FF Output: three_ultrasonic/ultrasonic_left/triggen/outputCounter[14](=1)
FF Output: three_ultrasonic/ultrasonic_middle/triggen/outputCounter[1](=1)
FF Output: three_ultrasonic/ultrasonic_middle/triggen/outputCounter[0](=1)
FF Output: three_ultrasonic/ultrasonic_middle/triggen/outputCounter[2](=1)
FF Output: three_ultrasonic/ultrasonic_middle/triggen/outputCounter[19](=1)
FF Output: three_ultrasonic/ultrasonic_middle/triggen/outputCounter[18](=1)
FF Output: three_ultrasonic/ultrasonic_middle/triggen/outputCounter[17](=1)
FF Output: three_ultrasonic/ultrasonic_middle/triggen/outputCounter[16](=1)
FF Output: three_ultrasonic/ultrasonic_middle/triggen/outputCounter[15](=1)
FF Output: three_ultrasonic/ultrasonic_middle/triggen/outputCounter[14](=1)
FF Output: three_ultrasonic/ultrasonic_middle/triggen/outputCounter[13](=1)
FF Output: three_ultrasonic/ultrasonic_middle/triggen/outputCounter[12](=1)
FF Output: three_ultrasonic/ultrasonic_middle/triggen/outputCounter[11](=1)
FF Output: three_ultrasonic/ultrasonic_middle/triggen/outputCounter[10](=1)
FF Output: three_ultrasonic/ultrasonic_middle/triggen/outputCounter[9](=1)
FF Output: three_ultrasonic/ultrasonic_middle/triggen/outputCounter[8](=1)
FF Output: three_ultrasonic/ultrasonic_middle/triggen/outputCounter[7](=1)
FF Output: three_ultrasonic/ultrasonic_middle/triggen/outputCounter[6](=1)
FF Output: three_ultrasonic/ultrasonic_middle/triggen/outputCounter[5](=1)
FF Output: three_ultrasonic/ultrasonic_middle/triggen/outputCounter[4](=1)
FF Output: three_ultrasonic/ultrasonic_middle/triggen/outputCounter[3](=1)
FF Output: three_ultrasonic/ultrasonic_middle/triggen/outputCounter[20](=1)
FF Output: three_ultrasonic/ultrasonic_right/triggen/outputCounter[1](=1)
FF Output: three_ultrasonic/ultrasonic_right/triggen/outputCounter[0](=1)
FF Output: three_ultrasonic/ultrasonic_right/triggen/outputCounter[2](=1)
FF Output: three_ultrasonic/ultrasonic_right/triggen/outputCounter[19](=1)
FF Output: three_ultrasonic/ultrasonic_right/triggen/outputCounter[18](=1)
FF Output: three_ultrasonic/ultrasonic_right/triggen/outputCounter[17](=1)
FF Output: three_ultrasonic/ultrasonic_right/triggen/outputCounter[16](=1)
FF Output: three_ultrasonic/ultrasonic_right/triggen/outputCounter[15](=1)
FF Output: three_ultrasonic/ultrasonic_right/triggen/outputCounter[14](=1)
FF Output: three_ultrasonic/ultrasonic_right/triggen/outputCounter[13](=1)
FF Output: three_ultrasonic/ultrasonic_right/triggen/outputCounter[12](=1)
FF Output: three_ultrasonic/ultrasonic_right/triggen/outputCounter[11](=1)
FF Output: three_ultrasonic/ultrasonic_right/triggen/outputCounter[10](=1)
FF Output: three_ultrasonic/ultrasonic_right/triggen/outputCounter[9](=1)
FF Output: three_ultrasonic/ultrasonic_right/triggen/outputCounter[8](=1)
FF Output: three_ultrasonic/ultrasonic_right/triggen/outputCounter[7](=1)
FF Output: three_ultrasonic/ultrasonic_right/triggen/outputCounter[6](=1)
FF Output: three_ultrasonic/ultrasonic_right/triggen/outputCounter[5](=1)
FF Output: three_ultrasonic/ultrasonic_right/triggen/outputCounter[4](=1)
FF Output: three_ultrasonic/ultrasonic_right/triggen/outputCounter[3](=1)
FF Output: three_ultrasonic/ultrasonic_right/triggen/outputCounter[20](=1)
FF Output: three_ultrasonic/ultrasonic_left/triggen/outputCounter[15](=1)
FF Output: three_ultrasonic/ultrasonic_middle/triggen/outputCounter[21](=1)
FF Output: three_ultrasonic/ultrasonic_right/triggen/outputCounter[21](=1)
FF Output: three_ultrasonic/ultrasonic_left/triggen/outputCounter[19](=1)
FF Output: three_ultrasonic/ultrasonic_left/triggen/outputCounter[18](=1)
FF Output: three_ultrasonic/ultrasonic_left/triggen/outputCounter[17](=1)
FF Output: three_ultrasonic/ultrasonic_left/triggen/outputCounter[16](=1)
FF Output: three_ultrasonic/ultrasonic_left/triggen/outputCounter[20](=1)
FF Output: three_ultrasonic/ultrasonic_left/triggen/outputCounter[21](=1)
FF instance: three_ultrasonic/ultrasonic_left/counter/three_ultrasonic/ultrasonic_left/pulse_width[0]~FF(unreachable)
FF instance: three_ultrasonic/ultrasonic_left/counter/three_ultrasonic/ultrasonic_left/pulse_width[1]~FF(unreachable)
FF instance: three_ultrasonic/ultrasonic_left/counter/three_ultrasonic/ultrasonic_left/pulse_width[2]~FF(unreachable)
FF instance: three_ultrasonic/ultrasonic_left/counter/three_ultrasonic/ultrasonic_left/pulse_width[3]~FF(unreachable)
FF instance: three_ultrasonic/ultrasonic_left/counter/three_ultrasonic/ultrasonic_left/pulse_width[4]~FF(unreachable)
FF instance: three_ultrasonic/ultrasonic_left/counter/three_ultrasonic/ultrasonic_left/pulse_width[5]~FF(unreachable)
FF instance: three_ultrasonic/ultrasonic_left/counter/three_ultrasonic/ultrasonic_left/pulse_width[6]~FF(unreachable)
FF instance: three_ultrasonic/ultrasonic_left/counter/three_ultrasonic/ultrasonic_left/pulse_width[7]~FF(unreachable)
FF instance: three_ultrasonic/ultrasonic_left/counter/three_ultrasonic/ultrasonic_left/pulse_width[8]~FF(unreachable)
FF instance: three_ultrasonic/ultrasonic_left/counter/three_ultrasonic/ultrasonic_left/pulse_width[9]~FF(unreachable)
FF instance: three_ultrasonic/ultrasonic_left/counter/three_ultrasonic/ultrasonic_left/pulse_width[10]~FF(unreachable)
FF instance: three_ultrasonic/ultrasonic_left/counter/three_ultrasonic/ultrasonic_left/pulse_width[11]~FF(unreachable)
FF instance: three_ultrasonic/ultrasonic_left/counter/three_ultrasonic/ultrasonic_left/pulse_width[12]~FF(unreachable)
FF instance: three_ultrasonic/ultrasonic_left/counter/three_ultrasonic/ultrasonic_left/pulse_width[13]~FF(unreachable)
FF instance: three_ultrasonic/ultrasonic_left/counter/three_ultrasonic/ultrasonic_left/pulse_width[14]~FF(unreachable)
FF instance: three_ultrasonic/ultrasonic_left/counter/three_ultrasonic/ultrasonic_left/pulse_width[15]~FF(unreachable)
FF instance: three_ultrasonic/ultrasonic_left/counter/three_ultrasonic/ultrasonic_left/pulse_width[16]~FF(unreachable)
FF instance: three_ultrasonic/ultrasonic_left/counter/three_ultrasonic/ultrasonic_left/pulse_width[17]~FF(unreachable)
FF instance: three_ultrasonic/ultrasonic_left/counter/three_ultrasonic/ultrasonic_left/pulse_width[18]~FF(unreachable)
FF instance: three_ultrasonic/ultrasonic_left/counter/three_ultrasonic/ultrasonic_left/pulse_width[19]~FF(unreachable)
FF instance: three_ultrasonic/ultrasonic_left/counter/three_ultrasonic/ultrasonic_left/pulse_width[20]~FF(unreachable)
FF instance: three_ultrasonic/ultrasonic_left/counter/three_ultrasonic/ultrasonic_left/pulse_width[21]~FF(unreachable)
FF instance: three_ultrasonic/ultrasonic_middle/counter/three_ultrasonic/ultrasonic_middle/pulse_width[0]~FF(unreachable)
FF instance: three_ultrasonic/ultrasonic_middle/counter/three_ultrasonic/ultrasonic_middle/pulse_width[1]~FF(unreachable)
FF instance: three_ultrasonic/ultrasonic_middle/counter/three_ultrasonic/ultrasonic_middle/pulse_width[2]~FF(unreachable)
FF instance: three_ultrasonic/ultrasonic_middle/counter/three_ultrasonic/ultrasonic_middle/pulse_width[3]~FF(unreachable)
FF instance: three_ultrasonic/ultrasonic_middle/counter/three_ultrasonic/ultrasonic_middle/pulse_width[4]~FF(unreachable)
FF instance: three_ultrasonic/ultrasonic_middle/counter/three_ultrasonic/ultrasonic_middle/pulse_width[5]~FF(unreachable)
FF instance: three_ultrasonic/ultrasonic_middle/counter/three_ultrasonic/ultrasonic_middle/pulse_width[6]~FF(unreachable)
FF instance: three_ultrasonic/ultrasonic_middle/counter/three_ultrasonic/ultrasonic_middle/pulse_width[7]~FF(unreachable)
FF instance: three_ultrasonic/ultrasonic_middle/counter/three_ultrasonic/ultrasonic_middle/pulse_width[8]~FF(unreachable)
FF instance: three_ultrasonic/ultrasonic_middle/counter/three_ultrasonic/ultrasonic_middle/pulse_width[9]~FF(unreachable)
FF instance: three_ultrasonic/ultrasonic_middle/counter/three_ultrasonic/ultrasonic_middle/pulse_width[10]~FF(unreachable)
FF instance: three_ultrasonic/ultrasonic_middle/counter/three_ultrasonic/ultrasonic_middle/pulse_width[11]~FF(unreachable)
FF instance: three_ultrasonic/ultrasonic_middle/counter/three_ultrasonic/ultrasonic_middle/pulse_width[12]~FF(unreachable)
FF instance: three_ultrasonic/ultrasonic_middle/counter/three_ultrasonic/ultrasonic_middle/pulse_width[13]~FF(unreachable)
FF instance: three_ultrasonic/ultrasonic_middle/counter/three_ultrasonic/ultrasonic_middle/pulse_width[14]~FF(unreachable)
FF instance: three_ultrasonic/ultrasonic_middle/counter/three_ultrasonic/ultrasonic_middle/pulse_width[15]~FF(unreachable)
FF instance: three_ultrasonic/ultrasonic_middle/counter/three_ultrasonic/ultrasonic_middle/pulse_width[16]~FF(unreachable)
FF instance: three_ultrasonic/ultrasonic_middle/counter/three_ultrasonic/ultrasonic_middle/pulse_width[17]~FF(unreachable)
FF instance: three_ultrasonic/ultrasonic_middle/counter/three_ultrasonic/ultrasonic_middle/pulse_width[18]~FF(unreachable)
FF instance: three_ultrasonic/ultrasonic_middle/counter/three_ultrasonic/ultrasonic_middle/pulse_width[19]~FF(unreachable)
FF instance: three_ultrasonic/ultrasonic_middle/counter/three_ultrasonic/ultrasonic_middle/pulse_width[20]~FF(unreachable)
FF instance: three_ultrasonic/ultrasonic_middle/counter/three_ultrasonic/ultrasonic_middle/pulse_width[21]~FF(unreachable)
FF instance: three_ultrasonic/ultrasonic_right/counter/three_ultrasonic/ultrasonic_right/pulse_width[0]~FF(unreachable)
FF instance: three_ultrasonic/ultrasonic_right/counter/three_ultrasonic/ultrasonic_right/pulse_width[1]~FF(unreachable)
FF instance: three_ultrasonic/ultrasonic_right/counter/three_ultrasonic/ultrasonic_right/pulse_width[2]~FF(unreachable)
FF instance: three_ultrasonic/ultrasonic_right/counter/three_ultrasonic/ultrasonic_right/pulse_width[3]~FF(unreachable)
FF instance: three_ultrasonic/ultrasonic_right/counter/three_ultrasonic/ultrasonic_right/pulse_width[4]~FF(unreachable)
FF instance: three_ultrasonic/ultrasonic_right/counter/three_ultrasonic/ultrasonic_right/pulse_width[5]~FF(unreachable)
FF instance: three_ultrasonic/ultrasonic_right/counter/three_ultrasonic/ultrasonic_right/pulse_width[6]~FF(unreachable)
FF instance: three_ultrasonic/ultrasonic_right/counter/three_ultrasonic/ultrasonic_right/pulse_width[7]~FF(unreachable)
FF instance: three_ultrasonic/ultrasonic_right/counter/three_ultrasonic/ultrasonic_right/pulse_width[8]~FF(unreachable)
FF instance: three_ultrasonic/ultrasonic_right/counter/three_ultrasonic/ultrasonic_right/pulse_width[9]~FF(unreachable)
FF instance: three_ultrasonic/ultrasonic_right/counter/three_ultrasonic/ultrasonic_right/pulse_width[10]~FF(unreachable)
FF instance: three_ultrasonic/ultrasonic_right/counter/three_ultrasonic/ultrasonic_right/pulse_width[11]~FF(unreachable)
FF instance: three_ultrasonic/ultrasonic_right/counter/three_ultrasonic/ultrasonic_right/pulse_width[12]~FF(unreachable)
FF instance: three_ultrasonic/ultrasonic_right/counter/three_ultrasonic/ultrasonic_right/pulse_width[13]~FF(unreachable)
FF instance: three_ultrasonic/ultrasonic_right/counter/three_ultrasonic/ultrasonic_right/pulse_width[14]~FF(unreachable)
FF instance: three_ultrasonic/ultrasonic_right/counter/three_ultrasonic/ultrasonic_right/pulse_width[15]~FF(unreachable)
FF instance: three_ultrasonic/ultrasonic_right/counter/three_ultrasonic/ultrasonic_right/pulse_width[16]~FF(unreachable)
FF instance: three_ultrasonic/ultrasonic_right/counter/three_ultrasonic/ultrasonic_right/pulse_width[17]~FF(unreachable)
FF instance: three_ultrasonic/ultrasonic_right/counter/three_ultrasonic/ultrasonic_right/pulse_width[18]~FF(unreachable)
FF instance: three_ultrasonic/ultrasonic_right/counter/three_ultrasonic/ultrasonic_right/pulse_width[19]~FF(unreachable)
FF instance: three_ultrasonic/ultrasonic_right/counter/three_ultrasonic/ultrasonic_right/pulse_width[20]~FF(unreachable)
FF instance: three_ultrasonic/ultrasonic_right/counter/three_ultrasonic/ultrasonic_right/pulse_width[21]~FF(unreachable)
### ### Sequential Elements Trimming Report (end) ### ### ### 

### ### Module Resource Usage Distribution Estimates (begin) ### ###

**Note: some resources maybe grouped under different hierarchy due to optimization and LUT mapping

Module                                      FFs        ADDs        LUTs      RAMs DSP/MULTs
-----------------------------------         ---        ----        ----      ---- ---------
robot:robot                                0(0)        0(0)       67(0)      0(0)      0(0)
+pwm:pwm                                   0(0)        0(0)      67(51)      0(0)      0(0)
 +clkdiv:clkdiv                            0(0)        0(0)      16(16)      0(0)      0(0)

### ### Module Resource Usage Distribution Estimates (end) ### ###

### ### Clock Load Distribution Report (begin) ### ###

 No clock loads in design

### ### Clock Load Distribution Report (end) ### ###

### ### EFX Flow Options (begin) ### ### ###

family : Trion
device : T8F81
project : obstacle_whicle
project-xml : C:/Users/user/Desktop/final project/obstacle_whicle.xml
root : robot
I : C:/Users/user/Desktop/final project
output-dir : C:/Users/user/Desktop/final project/outflow
work-dir : C:/Users/user/Desktop/final project/work_syn
write-efx-verilog : C:/Users/user/Desktop/final project/outflow/obstacle_whicle.map.v
binary-db : C:/Users/user/Desktop/final project/obstacle_whicle.vdb
insert-ios : 0
max-carry-cascade : 160
max_mult : -1
max_ram : -1
mode : speed
veri_options : verilog_mode=verilog_2k,vhdl_mode=vhdl_2008

### ### EFX Flow Options (end) ### ### ###

### ### Resource Summary (begin) ### ### ### 
INPUT  PORTS    : 	4
OUTPUT PORTS    : 	10

EFX_LUT4        : 	67
   1-2  Inputs  : 	15
   3    Inputs  : 	36
   4    Inputs  : 	16
### ### Resource Summary (end) ### ### ###

Plain synthesis (without verilog dump and post-map checks) time : 1s
Elapsed synthesis time : 1s
